Sending registration request...
URL: http://localhost:8000/api/v1/auth/register
Data: {
  "username": "doctor1",
  "email": "doctor@test.com",
  "password": "test123456",
  "full_name": "Test Doctor"
}

Status Code: 500
Response Headers: {'date': 'Thu, 12 Feb 2026 13:55:32 GMT', 'server': 'uvicorn', 'content-length': '5935', 'content-type': 'text/plain; charset=utf-8'}

ERROR!
Response Text:
Traceback (most recent call last):
  File "C:\Users\surya\AppData\Local\Programs\Python\Python312\Lib\site-packages\starlette\middleware\errors.py", line 164, in __call__
    await self.app(scope, receive, _send)
  File "C:\Users\surya\AppData\Local\Programs\Python\Python312\Lib\site-packages\starlette\middleware\cors.py", line 83, in __call__
    await self.app(scope, receive, send)
  File "C:\Users\surya\AppData\Local\Programs\Python\Python312\Lib\site-packages\starlette\middleware\exceptions.py", line 62, in __call__
    await wrap_app_handling_exceptions(self.app, conn)(scope, receive, send)
  File "C:\Users\surya\AppData\Local\Programs\Python\Python312\Lib\site-packages\starlette\_exception_handler.py", line 64, in wrapped_app
    raise exc
  File "C:\Users\surya\AppData\Local\Programs\Python\Python312\Lib\site-packages\starlette\_exception_handler.py", line 53, in wrapped_app
    await app(scope, receive, sender)
  File "C:\Users\surya\AppData\Local\Programs\Python\Python312\Lib\
